[backblue.gif]
[fade.gif]
[index.html]
[web/png/logo.png]
[web/png/header-slide-1.png]
[web/png/header-slide-2.png]
[web/png/store-google-icon.png]
[web/png/feature1.png]
[web/png/feature2.png]
[web/png/feature3.png]
[web/png/features-mobile.png]
[web/png/about.png]
[web/png/feature-mobile.png]
[web/png/design-icon.png]
[web/png/right-image1.png]
[web/png/perfomance-icon.png]
[web/png/left-image1.png]
[web/png/how-it-works-device.png]
[web/png/how-it-works-screen2.png]
[web/png/quick-view-1.png]
[web/png/quick-view-2.png]
[web/png/quick-view-3.png]
[web/png/quick-view-4.png]
[web/png/accordion-image.png]
[web/png/team-1.png]
[web/png/team-2.png]
[web/png/team-3.png]
[web/png/cloud.png]
[web/png/thumbsup.png]
[web/png/users.png]
[web/png/star.png]
[web/png/testimonial-user.png]
[web/png/testimonial-user2.png]
[web/jpg/blog-post1.jpg]
[web/jpg/blog-post2.jpg]
[web/jpg/blog-post3.jpg]
[web/js/jquery-1.12.4.min.js]
[web/js/loadingoverlay.min.js]
[web/js/swiper.jquery.min.js]
[web/js/jquery.mcustomscrollbar.concat.min.js]
[web/js/modernizr-custom.min.js]
[web/js/imagesloaded.pkgd.min.js]
[web/js/hammer.min.js]
[web/js/sequence.min.js]
[web/js/tweetie.min.js]
[web/js/jquery.countimator.min.js]
[web/js/bootstrap.min.js]
[web/js/jquery.sticky.min.js]
[web/js/jquery.scrollup.min.js]
[web/js/style.js]
[web/js/wow.min.js]
[web/index.html]
[web/css/bootstrap.min.css]
[web/eot/fontawesome-webfont5b62.eot]
[web/eot/fontawesome-webfontd41d.eot]
[web/woff2/fontawesome-webfont5b62.woff2]
[web/woff/fontawesome-webfont5b62.woff]
[web/ttf/fontawesome-webfont5b62.ttf]
[web/css/font-awesome.min.css]
[web/eot/icomoonf5eb.eot]
[web/ttf/icomoonf5eb.ttf]
[web/woff/icomoonf5eb.woff]
[web/css/icomoon.min.css]
[web/css/swiper.min.css]
[web/png/heading-before.png]
[web/png/heading-before-white.png]
[web/png/download-bg.png]
[web/png/accordion-minus.png]
[web/png/accordion-plus.png]
[web/jpg/statistic-bg.jpg]
[web/css/style.css]
[web/css/animate.css]
[web/eot/hinted-poppins.eot]
[web/woff2/hinted-poppins.woff2]
[web/eot/hinted-poppinsd41d.eot]
[web/woff/hinted-poppins.woff]
[web/ttf/hinted-poppins.ttf]
[web/eot/hinted-poppins-medium.eot]
[web/woff2/hinted-poppins-medium.woff2]
[web/eot/hinted-poppins-mediumd41d.eot]
[web/woff/hinted-poppins-medium.woff]
[web/ttf/hinted-poppins-medium.ttf]
[web/eot/hinted-poppins-regular.eot]
[web/woff2/hinted-poppins-regular.woff2]
[web/eot/hinted-poppins-regulard41d.eot]
[web/woff/hinted-poppins-regular.woff]
[web/ttf/hinted-poppins-regular.ttf]
[web/eot/hinted-poppins-semibold.eot]
[web/woff2/hinted-poppins-semibold.woff2]
[web/eot/hinted-poppins-semiboldd41d.eot]
[web/woff/hinted-poppins-semibold.woff]
[web/ttf/hinted-poppins-semibold.ttf]
[web/eot/hinted-poppins-light.eot]
[web/woff2/hinted-poppins-light.woff2]
[web/eot/hinted-poppins-lightd41d.eot]
[web/woff/hinted-poppins-light.woff]
[web/ttf/hinted-poppins-light.ttf]
[web/css/google-fonts.css]
[web/svg/fontawesome-webfont5b62.svg]
[web/svg/icomoonf5eb.svg]
[web/svg/hinted-poppins.svg]
[web/svg/hinted-poppins-medium.svg]
[web/svg/hinted-poppins-regular.svg]
[web/svg/hinted-poppins-semibold.svg]
[web/svg/hinted-poppins-light.svg]
[web/glyphicons-halflings-regular.html]
[web/glyphicons-halflings-regulard41d.html]
[web/glyphicons-halflings-regular-2.html]
[web/glyphicons-halflings-regular-3.html]
[web/glyphicons-halflings-regular-4.html]
[web/glyphicons-halflings-regular-5.html]
