[web/index.html]
[backblue.gif]
[fade.gif]
[index.html]
[web/ico/favicon.ico]
[web/png/logo.png]
[web/jpg/main-thumbnail.jpg]
[web/index-2.html]
[web/jpg/comming-soon.jpg]
[web/jpg/1.jpg]
[web/about-us.html]
[web/jpg/2.jpg]
[web/blog-detail.html]
[web/jpg/3.jpg]
[web/blog-grid.html]
[web/jpg/4.jpg]
[web/blog.html]
[web/jpg/5.jpg]
[web/portfolio.html]
[web/jpg/6.jpg]
[web/portfolio-4.html]
[web/jpg/7.jpg]
[web/jpg/8.jpg]
[web/portfolio-detail.html]
[web/portfolio-detail2.html]
[web/jpg/9.jpg]
[web/service1.html]
[web/jpg/10.jpg]
[web/services2.html]
[web/jpg/12.jpg]
[web/services3.html]
[web/jpg/13.jpg]
[web/faq.html]
[web/jpg/14.jpg]
[web/404.html]
[web/jpg/15.jpg]
[web/jpg/16.jpg]
[web/404-2.html]
[web/jpg/17.jpg]
[web/contact-us.html]
[web/jpg/18.jpg]
[web/index.html]
[web/contact-us-2.html]
[web/jpg/home-bg.jpg]
[web/css/style.css]
[web/ico/favicon-2.ico]
[web/css/all.css]
[web/index-3.html]
[web/png/close-128.png]
[web/portfolio-2.html]
[web/component.html]
[web/jpg/carl-heyerdahl-181868-unsplash.jpg]
[web/jpg/slide2.jpg]
[web/jpg/form-bg4.jpg]
[web/jpg/responsive-website-design1.jpg]
[web/png/flat-device-mockups.png]
[web/png/banner-tab-screen.png]
[web/jpg/slide1.jpg]
[web/jpg/slide3.jpg]
[web/png/11.png]
[web/jpg/client.jpg]
[web/jpg/brand1.jpg]
[web/jpg/brand2.jpg]
[web/jpg/brand3.jpg]
[web/jpg/brand4.jpg]
[web/jpg/brand5.jpg]
[web/jpg/brand6.jpg]
[web/js/jquery.min.js]
[web/js/validate.js]
[web/js/bootstrap.min.js]
[web/js/wow.min.js]
[web/js/owl.carousel.min.js]
[web/js/function.js]
[web/js/demo.js]
[web/index-2.html]
[web/jpg/hermes-rivera-471868-unsplash.jpg]
[web/jpg/team1.jpg]
[web/jpg/t1.jpg]
[web/jpg/team3.jpg]
[web/jpg/member-3.jpg]
[web/jpg/member-2.jpg]
[web/jpg/about-image.jpg]
[web/jpg/team2a.jpg]
[web/about-us.html]
[web/jpg/bkg.jpg]
[web/png/02.png]
[web/png/facebook.png]
[web/png/twitter1.png]
[web/png/behance.png]
[web/png/turmble.png]
[web/png/linkdin.png]
[web/png/google.png]
[web/png/pinterest.png]
[web/png/druble.png]
[web/jpg/b5.jpg]
[web/jpg/b1.jpg]
[web/jpg/b2.jpg]
[web/png/s3.png]
[web/jpg/b3.jpg]
[web/png/adsense.png]
[web/blog-detail.html]
[web/jpg/parallax-slider-bg.jpg]
[web/jpg/full-screen-slider-bg1.jpg]
[web/jpg/form-bg1.jpg]
[web/blog-grid.html]
[web/jpg/home-bg-2.jpg]
[web/blog.html]
[web/jpg/p2.jpg]
[web/jpg/p4.jpg]
[web/jpg/p3.jpg]
[web/jpg/p5.jpg]
[web/jpg/p6.jpg]
[web/js/bootstrap-portfilter.min.js]
[web/portfolio.html]
[web/portfolio-4.html]
[web/jpg/ph4.jpg]
[web/jpg/slide9.jpg]
[web/jpg/ph1.jpg]
[web/jpg/header-bg.jpg]
[web/jpg/23jpg-6.jpg]
[web/jpg/31-6.jpg]
[web/jpg/71-6.jpg]
[web/portfolio-detail.html]
[web/jpg/13-6.jpg]
[web/portfolio-detail2.html]
[web/jpg/casethumb.jpg]
[web/jpg/work1.jpg]
[web/service1.html]
[web/png/s1.png]
[web/png/s2.png]
[web/png/s4.png]
[web/png/s5.png]
[web/png/s6.png]
[web/services2.html]
[web/services3.html]
[web/faq.html]
[web/404.html]
[web/jpg/slider1.jpg]
[web/404-2.html]
[web/jpg/8264124766_4cd8ce77ba_k.jpg]
[web/gif/contact-ajax-loader.gif]
[web/contact-us.html]
[web/jpg/all-bong-98724-unsplash.jpg]
[web/contact-us-2.html]
[web/css/bootstrap.css]
[web/eot/glyphicons-halflings-regular.eot]
[web/eot/glyphicons-halflings-regulard41d.eot]
[web/woff2/glyphicons-halflings-regular.woff2]
[web/woff/glyphicons-halflings-regular.woff]
[web/ttf/glyphicons-halflings-regular.ttf]
[web/css/bootstrap.min.css]
[web/png/owl.video.play.png]
[web/css/owl.carousel.css]
[web/css/animate.css]
[web/htc/pie.htc]
[web/gif/preloader.gif]
[web/png/rightw.png]
[web/png/leftw.png]
[web/png/left.png]
[web/png/right.png]
[web/jpg/contact.jpg]
[web/jpg/callout-bkg.jpg]
[web/jpg/aboutbanner.jpg]
[web/png/rightarrow.png]
[web/png/downarrow.png]
[web/png/blt.png]
[web/png/arrowright.png]
[web/png/arrowleft.png]
[web/jpg/androidbanner.jpg]
[web/jpg/rana-sawalha-364253-unsplash.jpg]
[web/png/square.png]
[web/png/menusocial.png]
[web/png/bg-third.png]
[web/jpg/evelyn-mostrom-59210-unsplash.jpg]
[web/css/style-2.css]
[web/css/demo.css]
[web/css/responsive.css]
[web/css/all.css]
[web/index-3.html]
[web/portfolio-2.html]
[web/jpg/dna-banner.jpg]
[web/component.html]
[web/svg/glyphicons-halflings-regular.svg]
[web/owl.video.play.html]
[web/pie.html]
[web/arrowleft.html]
